../Core/Src/main.c:102:6:flash_testing	16	static
../Core/Src/main.c:135:5:main	8	static
../Core/Src/main.c:186:7:bootloader_uart_read_data	16	static
../Core/Src/main.c:252:6:bootloader_jump_to_user_app	24	static,ignoring_inline_asm
../Core/Src/main.c:284:7:printmsg	4	static
../Core/Src/main.c:300:6:SystemClock_Config	88	static
../Core/Src/main.c:356:13:MX_CRC_Init	8	static
../Core/Src/main.c:368:13:MX_USART2_UART_Init	8	static
../Core/Src/main.c:387:13:MX_USART3_UART_Init	8	static
../Core/Src/main.c:412:13:MX_GPIO_Init	48	static
../Core/Src/main.c:450:6:_Error_Handler	16	static
../Core/Src/main.c:483:6:bootloader_handle_getver_cmd	32	static
../Core/Src/main.c:518:6:bootloader_handle_gethelp_cmd	24	static
../Core/Src/main.c:543:6:bootloader_handle_getcid_cmd	32	static
../Core/Src/main.c:572:6:bootloader_handle_getrdp_cmd	32	static
../Core/Src/main.c:601:6:bootloader_handle_go_cmd	40	static
../Core/Src/main.c:663:6:bootloader_handle_flash_erase_cmd	32	static
../Core/Src/main.c:696:6:bootloader_handle_mem_write_cmd	40	static
../Core/Src/main.c:760:6:bootloader_handle_en_rw_protect	32	static
../Core/Src/main.c:793:6:bootloader_handle_dis_rw_protect	32	static
../Core/Src/main.c:825:6:bootloader_handle_mem_read	16	static
../Core/Src/main.c:832:6:bootloader_handle_read_sector_protection_status	32	static
../Core/Src/main.c:860:6:bootloader_handle_read_otp	16	static
../Core/Src/main.c:867:6:bootloader_send_ack	24	static
../Core/Src/main.c:878:6:bootloader_send_nack	16	static
../Core/Src/main.c:885:9:bootloader_verify_crc	40	static
../Core/Src/main.c:907:6:bootloader_uart_write_data	16	static
../Core/Src/main.c:916:9:get_bootloader_version	4	static
../Core/Src/main.c:922:10:get_mcu_chip_id	16	static
../Core/Src/main.c:940:9:get_flash_rdp_level	16	static
../Core/Src/main.c:959:9:verify_address	16	static
../Core/Src/main.c:990:10:execute_flash_erase	48	static
../Core/Src/main.c:1039:9:execute_mem_write	40	static
../Core/Src/main.c:1067:9:configure_flash_sector_rw_protection	24	static
../Core/Src/main.c:1163:10:read_OB_rw_protection_status	40	static
