09:57:21 **** Incremental Build of configuration Debug for project Bootloader_STM32F446 ****
make -j8 all 
arm-none-eabi-size   Bootloader_STM32F446.elf 
   text	   data	    bss	    dec	    hex	filename
  16124	     28	   1948	  18100	   46b4	Bootloader_STM32F446.elf
Finished building: default.size.stdout
 
09:57:32 **** Incremental Build of configuration Debug for project Bootloader_STM32F446 ****
make -j8 all 
arm-none-eabi-size   Bootloader_STM32F446.elf 
   text	   data	    bss	    dec	    hex	filename
  16124	     28	   1948	  18100	   46b4	Bootloader_STM32F446.elf
Finished building: default.size.stdout
 
10:00:04 **** Incremental Build of configuration Debug for project Bootloader_STM32F446 ****
make -j8 all 
arm-none-eabi-size   Bootloader_STM32F446.elf 
   text	   data	    bss	    dec	    hex	filename
  16124	     28	   1948	  18100	   46b4	Bootloader_STM32F446.elf
Finished building: default.size.stdout
 
